#0 building with "default" instance using docker driver

#1 [internal] load build definition from Dockerfile
#1 transferring dockerfile: 269B done
#1 DONE 0.0s

#2 [internal] load metadata for docker.io/library/node:20-alpine
#2 DONE 0.0s

#3 [internal] load .dockerignore
#3 transferring context: 62B done
#3 DONE 0.0s

#4 [internal] load build context
#4 transferring context: 2.78kB done
#4 DONE 0.0s

#5 [1/4] FROM docker.io/library/node:20-alpine@sha256:57af77ccbfd0aa339eae72a256752147a19f7bc604b459513a2ebccfdf4c4fa4
#5 resolve docker.io/library/node:20-alpine@sha256:57af77ccbfd0aa339eae72a256752147a19f7bc604b459513a2ebccfdf4c4fa4 0.0s done
#5 DONE 0.0s

#6 [2/4] COPY . .
#6 DONE 0.0s

#7 [3/4] WORKDIR /wrong
#7 DONE 0.0s

#8 [4/4] RUN npm install package-lock.json
#8 2.634 
#8 2.634 added 69 packages, and audited 70 packages in 2s
#8 2.634 
#8 2.634 15 packages are looking for funding
#8 2.634   run `npm fund` for details
#8 2.641 
#8 2.641 3 moderate severity vulnerabilities
#8 2.641 
#8 2.641 To address all issues, run:
#8 2.641   npm audit fix
#8 2.641 
#8 2.641 Run `npm audit` for details.
#8 2.643 npm notice
#8 2.643 npm notice New major version of npm available! 10.8.2 -> 12.2.0
#8 2.643 npm notice Changelog: https://github.com/npm/cli/releases/tag/v12.2.0
#8 2.643 npm notice To update run: npm install -g npm@12.2.0
#8 2.643 npm notice
#8 DONE 2.7s

#9 exporting to image
#9 exporting layers
#9 exporting layers 0.3s done
#9 exporting manifest sha256:99434d59440e9fa7ebb4e13086515cfffe9b0da2d92270b4d8e2efa5fa2a134f done
#9 exporting config sha256:4562a2ffe414c32ccdee7cabd5784396542eefd1ec1054a148b36b08455cc548 0.0s done
#9 exporting attestation manifest sha256:5388b9ff94a12dcf9f4c1dfbd6891c13b680241f7415fd2a7492d74c87f9a4f8 0.0s done
#9 exporting manifest list sha256:778ddfbf0bb87720251acec990d944c209255fefa1926d86758a1c316fd3534b done
#9 naming to docker.io/library/app:broken done
#9 unpacking to docker.io/library/app:broken
#9 unpacking to docker.io/library/app:broken 0.2s done
#9 DONE 0.6s
