#0 building with "default" instance using docker driver

#1 [internal] load build definition from Dockerfile
#1 transferring dockerfile: 872B done
#1 DONE 0.0s

#2 [internal] load metadata for docker.io/library/node:20-alpine
#2 DONE 0.0s

#3 [internal] load .dockerignore
#3 transferring context: 288B done
#3 DONE 0.0s

#4 [internal] load build context
#4 transferring context: 675B 0.0s done
#4 DONE 0.0s

#5 [1/7] FROM docker.io/library/node:20-alpine@sha256:57af77ccbfd0aa339eae72a256752147a19f7bc604b459513a2ebccfdf4c4fa4
#5 resolve docker.io/library/node:20-alpine@sha256:57af77ccbfd0aa339eae72a256752147a19f7bc604b459513a2ebccfdf4c4fa4 0.0s done
#5 CACHED

#6 [2/7] WORKDIR /app
#6 DONE 0.0s

#7 [3/7] COPY package.json package-lock.json ./
#7 DONE 0.0s

#8 [4/7] RUN npm ci --omit=dev && npm cache clean --force
#8 2.205 
#8 2.205 added 68 packages, and audited 69 packages in 2s
#8 2.205 
#8 2.205 15 packages are looking for funding
#8 2.205   run `npm fund` for details
#8 2.213 
#8 2.213 3 moderate severity vulnerabilities
#8 2.213 
#8 2.213 To address all issues, run:
#8 2.213   npm audit fix
#8 2.213 
#8 2.213 Run `npm audit` for details.
#8 2.215 npm notice
#8 2.215 npm notice New major version of npm available! 10.8.2 -> 12.2.0
#8 2.215 npm notice Changelog: https://github.com/npm/cli/releases/tag/v12.2.0
#8 2.215 npm notice To update run: npm install -g npm@12.2.0
#8 2.215 npm notice
#8 2.473 npm warn using --force Recommended protections disabled.
#8 DONE 2.9s

#9 [5/7] COPY --chown=node:node app.js ./
#9 DONE 0.0s

#10 [6/7] COPY --chown=node:node src ./src
#10 DONE 0.0s

#11 [7/7] COPY --chown=node:node public ./public
#11 DONE 0.0s

#12 exporting to image
#12 exporting layers
#12 exporting layers 0.2s done
#12 exporting manifest sha256:bb5d09ca719620d159e2d54e482bc9f33cbfdd145fd1d0354b7f4067e672b85a done
#12 exporting config sha256:e79ec8c7d962ce63a4a827e01fad6b7f6e2c3fc6323b76b61c8c634a1f8a03f6 done
#12 exporting attestation manifest sha256:1d5ba60191c36574ac7e29e0cdde5a3b6ea517039964d947924511aeb979f25e 0.0s done
#12 exporting manifest list sha256:053ed8abf18917a7b9f4aaeca6b307d2fd1bbec4d746a6e2545574696bc317c2 done
#12 naming to docker.io/library/app:fixed done
#12 unpacking to docker.io/library/app:fixed
#12 unpacking to docker.io/library/app:fixed 0.2s done
#12 DONE 0.5s
